// Jest Snapshot v1, https://goo.gl/fbAQLP

exports[`matches snapshot 1`] = `<div />`;

exports[`shows alerts 1`] = `
<div>
  <div
    className="bg-red-100 border-red-400 text-red-700 border px-4 py-3 rounded relative"
    role="alert"
  >
    Esto es un mensaje de alerta
  </div>
</div>
`;
